error: usage of a legacy numeric constant
  --> $DIR/legacy_numeric_constants.rs:15:5
   |
LL |     std::f32::EPSILON;
   |     ^^^^^^^^^^^^^^^^^ help: use the associated constant instead: `f32::EPSILON`
   |
   = note: `-D clippy::legacy-numeric-constants` implied by `-D warnings`

error: usage of a legacy numeric constant
  --> $DIR/legacy_numeric_constants.rs:16:5
   |
LL |     std::u8::MIN;
   |     ^^^^^^^^^^^^ help: use the associated constant instead: `u8::MIN`

error: usage of a legacy numeric constant
  --> $DIR/legacy_numeric_constants.rs:17:5
   |
LL |     std::usize::MIN;
   |     ^^^^^^^^^^^^^^^ help: use the associated constant instead: `usize::MIN`

error: usage of a legacy numeric constant
  --> $DIR/legacy_numeric_constants.rs:18:5
   |
LL |     std::u32::MAX;
   |     ^^^^^^^^^^^^^ help: use the associated constant instead: `u32::MAX`

error: usage of a legacy numeric constant
  --> $DIR/legacy_numeric_constants.rs:19:5
   |
LL |     core::u32::MAX;
   |     ^^^^^^^^^^^^^^ help: use the associated constant instead: `u32::MAX`

error: usage of a legacy numeric constant
  --> $DIR/legacy_numeric_constants.rs:21:5
   |
LL |     MAX;
   |     ^^^ help: use the associated constant instead: `u32::MAX`

error: usage of a legacy numeric method
  --> $DIR/legacy_numeric_constants.rs:22:10
   |
LL |     u32::max_value();
   |          ^^^^^^^^^^^ help: use the associated constant instead: `MAX`

error: usage of a legacy numeric method
  --> $DIR/legacy_numeric_constants.rs:23:9
   |
LL |     u8::max_value();
   |         ^^^^^^^^^^^ help: use the associated constant instead: `MAX`

error: usage of a legacy numeric method
  --> $DIR/legacy_numeric_constants.rs:24:9
   |
LL |     u8::min_value();
   |         ^^^^^^^^^^^ help: use the associated constant instead: `MIN`

error: usage of a legacy numeric method
  --> $DIR/legacy_numeric_constants.rs:27:27
   |
LL |     ::std::primitive::u8::min_value();
   |                           ^^^^^^^^^^^ help: use the associated constant instead: `MIN`

error: usage of a legacy numeric method
  --> $DIR/legacy_numeric_constants.rs:28:26
   |
LL |     std::primitive::u32::max_value();
   |                          ^^^^^^^^^^^ help: use the associated constant instead: `MAX`

error: usage of a legacy numeric constant
  --> $DIR/legacy_numeric_constants.rs:29:5
   |
LL |     self::a::u128::MAX;
   |     ^^^^^^^^^^^^^^^^^^ help: use the associated constant instead: `u128::MAX`

error: usage of a legacy numeric constant
  --> $DIR/legacy_numeric_constants.rs:46:5
   |
LL |     std::u32::MAX;
   |     ^^^^^^^^^^^^^ help: use the associated constant instead: `u32::MAX`

error: usage of a legacy numeric constant
  --> $DIR/legacy_numeric_constants.rs:51:5
   |
LL |     std::u32::MAX;
   |     ^^^^^^^^^^^^^ help: use the associated constant instead: `u32::MAX`

error: aborting due to 14 previous errors

