error: suspicious use of `-` in `Add` impl
  --> $DIR/suspicious_arithmetic_impl.rs:14:20
   |
LL |         Foo(self.0 - other.0)
   |                    ^
   |
   = note: `-D clippy::suspicious-arithmetic-impl` implied by `-D warnings`

error: suspicious use of `-` in `AddAssign` impl
  --> $DIR/suspicious_arithmetic_impl.rs:20:23
   |
LL |         *self = *self - other;
   |                       ^
   |
   = note: `-D clippy::suspicious-op-assign-impl` implied by `-D warnings`

error: suspicious use of `/` in `MulAssign` impl
  --> $DIR/suspicious_arithmetic_impl.rs:33:16
   |
LL |         self.0 /= other.0;
   |                ^^

error: suspicious use of `/` in `Rem` impl
  --> $DIR/suspicious_arithmetic_impl.rs:71:20
   |
LL |         Foo(self.0 / other.0)
   |                    ^

error: suspicious use of `|` in `BitAnd` impl
  --> $DIR/suspicious_arithmetic_impl.rs:79:20
   |
LL |         Foo(self.0 | other.0)
   |                    ^

error: suspicious use of `^` in `BitOr` impl
  --> $DIR/suspicious_arithmetic_impl.rs:87:20
   |
LL |         Foo(self.0 ^ other.0)
   |                    ^

error: suspicious use of `&` in `BitXor` impl
  --> $DIR/suspicious_arithmetic_impl.rs:95:20
   |
LL |         Foo(self.0 & other.0)
   |                    ^

error: suspicious use of `>>` in `Shl` impl
  --> $DIR/suspicious_arithmetic_impl.rs:103:20
   |
LL |         Foo(self.0 >> other.0)
   |                    ^^

error: suspicious use of `<<` in `Shr` impl
  --> $DIR/suspicious_arithmetic_impl.rs:111:20
   |
LL |         Foo(self.0 << other.0)
   |                    ^^

error: aborting due to 9 previous errors

